[03-Nov-2025 11:28:42 Asia/Shanghai] 文件删除脚本开始执行: 2025-11-03 11:28:42
[03-Nov-2025 11:28:42 Asia/Shanghai] 删除请求参数: 表名=shared_files, 文件ID=cbe53f49c0e5dea778e9a8303e4aba04
[03-Nov-2025 11:28:42 Asia/Shanghai] 基础路径: D:\phpstudy_pro\WWW
[03-Nov-2025 11:28:42 Asia/Shanghai] PHP Warning:  Invalid argument supplied for foreach() in D:\phpstudy_pro\WWW\admin\file_security_checker.php on line 48
[03-Nov-2025 11:28:42 Asia/Shanghai] 拒绝删除不安全文件: CFF Explorer汉化绿色版.png (原因: 文件类型与扩展名不匹配: 检测到 image/bmp，但扩展名为 png)
[03-Nov-2025 11:28:42 Asia/Shanghai] 无法删除物理文件: D:\phpstudy_pro\WWW\分享文件\工具\CFF Explorer汉化绿色版.png
[03-Nov-2025 11:28:42 Asia/Shanghai] 文件删除脚本执行结束: 2025-11-03 11:28:42
[03-Nov-2025 11:28:50 Asia/Shanghai] 文件删除脚本开始执行: 2025-11-03 11:28:50
[03-Nov-2025 11:28:50 Asia/Shanghai] 删除请求参数: 表名=shared_files, 文件ID=cbe53f49c0e5dea778e9a8303e4aba04
[03-Nov-2025 11:28:50 Asia/Shanghai] 基础路径: D:\phpstudy_pro\WWW
[03-Nov-2025 11:28:50 Asia/Shanghai] PHP Warning:  Invalid argument supplied for foreach() in D:\phpstudy_pro\WWW\admin\file_security_checker.php on line 48
[03-Nov-2025 11:28:50 Asia/Shanghai] 拒绝删除不安全文件: CFF Explorer汉化绿色版.png (原因: 文件类型与扩展名不匹配: 检测到 image/bmp，但扩展名为 png)
[03-Nov-2025 11:28:50 Asia/Shanghai] 无法删除物理文件: D:\phpstudy_pro\WWW\分享文件\工具\CFF Explorer汉化绿色版.png
[03-Nov-2025 11:28:50 Asia/Shanghai] 文件删除脚本执行结束: 2025-11-03 11:28:50
[03-Nov-2025 11:32:17 Asia/Shanghai] 文件删除脚本开始执行: 2025-11-03 11:32:17
[03-Nov-2025 11:32:43 Asia/Shanghai] 文件删除脚本开始执行: 2025-11-03 11:32:43
[03-Nov-2025 11:32:53 Asia/Shanghai] 文件删除脚本开始执行: 2025-11-03 11:32:53
[03-Nov-2025 11:35:08 Asia/Shanghai] 文件删除脚本开始执行: 2025-11-03 11:35:08
[03-Nov-2025 11:35:08 Asia/Shanghai] 删除请求参数: 表名=shared_files, 文件ID=cbe53f49c0e5dea778e9a8303e4aba04
[03-Nov-2025 11:35:08 Asia/Shanghai] 基础路径: D:\phpstudy_pro\WWW
[03-Nov-2025 11:35:08 Asia/Shanghai] PHP Warning:  Invalid argument supplied for foreach() in D:\phpstudy_pro\WWW\admin\file_security_checker.php on line 48
[03-Nov-2025 11:35:08 Asia/Shanghai] 拒绝删除不安全文件: CFF Explorer汉化绿色版.png (原因: 文件类型与扩展名不匹配: 检测到 image/bmp，但扩展名为 png)
[03-Nov-2025 11:35:08 Asia/Shanghai] 无法删除物理文件: D:\phpstudy_pro\WWW\分享文件\工具\CFF Explorer汉化绿色版.png
[03-Nov-2025 11:35:08 Asia/Shanghai] 文件删除脚本执行结束: 2025-11-03 11:35:08
[03-Nov-2025 11:35:11 Asia/Shanghai] 文件删除脚本开始执行: 2025-11-03 11:35:11
[03-Nov-2025 11:35:11 Asia/Shanghai] 删除请求参数: 表名=shared_files, 文件ID=cbe53f49c0e5dea778e9a8303e4aba04
[03-Nov-2025 11:35:11 Asia/Shanghai] 基础路径: D:\phpstudy_pro\WWW
[03-Nov-2025 11:35:11 Asia/Shanghai] PHP Warning:  Invalid argument supplied for foreach() in D:\phpstudy_pro\WWW\admin\file_security_checker.php on line 48
[03-Nov-2025 11:35:11 Asia/Shanghai] 拒绝删除不安全文件: CFF Explorer汉化绿色版.png (原因: 文件类型与扩展名不匹配: 检测到 image/bmp，但扩展名为 png)
[03-Nov-2025 11:35:11 Asia/Shanghai] 无法删除物理文件: D:\phpstudy_pro\WWW\分享文件\工具\CFF Explorer汉化绿色版.png
[03-Nov-2025 11:35:11 Asia/Shanghai] 文件删除脚本执行结束: 2025-11-03 11:35:11
[03-Nov-2025 11:36:06 Asia/Shanghai] 文件删除脚本开始执行: 2025-11-03 11:36:06
[03-Nov-2025 11:36:06 Asia/Shanghai] 删除请求参数: 表名=shared_files, 文件ID=c51e0ff35e10b13296c14015d2d83e28
[03-Nov-2025 11:36:06 Asia/Shanghai] 基础路径: D:\phpstudy_pro\WWW
[03-Nov-2025 11:36:06 Asia/Shanghai] 成功删除物理文件: D:\phpstudy_pro\WWW\分享文件\new_test_file.txt
[03-Nov-2025 11:36:06 Asia/Shanghai] 成功删除数据库记录: MD5 c51e0ff35e10b13296c14015d2d83e28
[03-Nov-2025 11:36:06 Asia/Shanghai] 文件删除脚本执行结束: 2025-11-03 11:36:06
[03-Nov-2025 11:37:28 Asia/Shanghai] 文件删除脚本开始执行: 2025-11-03 11:37:28
[03-Nov-2025 11:37:28 Asia/Shanghai] 删除请求参数: 表名=shared_files, 文件ID=cbe53f49c0e5dea778e9a8303e4aba04
[03-Nov-2025 11:37:28 Asia/Shanghai] 基础路径: D:\phpstudy_pro\WWW
[03-Nov-2025 11:37:28 Asia/Shanghai] PHP Warning:  Invalid argument supplied for foreach() in D:\phpstudy_pro\WWW\admin\file_security_checker.php on line 48
[03-Nov-2025 11:37:28 Asia/Shanghai] 拒绝删除不安全文件: CFF Explorer汉化绿色版.png (原因: 文件类型与扩展名不匹配: 检测到 image/bmp，但扩展名为 png)
[03-Nov-2025 11:37:28 Asia/Shanghai] 无法删除物理文件: D:\phpstudy_pro\WWW\分享文件\工具\CFF Explorer汉化绿色版.png
[03-Nov-2025 11:37:28 Asia/Shanghai] 文件删除脚本执行结束: 2025-11-03 11:37:28
[03-Nov-2025 11:38:48 Asia/Shanghai] 文件删除脚本开始执行: 2025-11-03 11:38:48
[03-Nov-2025 11:38:48 Asia/Shanghai] 删除请求参数: 表名=shared_files, 文件ID=cbe53f49c0e5dea778e9a8303e4aba04
[03-Nov-2025 11:38:48 Asia/Shanghai] 基础路径: D:\phpstudy_pro\WWW
[03-Nov-2025 11:38:48 Asia/Shanghai] PHP Warning:  Invalid argument supplied for foreach() in D:\phpstudy_pro\WWW\admin\file_security_checker.php on line 48
[03-Nov-2025 11:38:48 Asia/Shanghai] 拒绝删除不安全文件: CFF Explorer汉化绿色版.png (原因: 文件类型与扩展名不匹配: 检测到 image/bmp，但扩展名为 png)
[03-Nov-2025 11:38:48 Asia/Shanghai] 无法删除物理文件: D:\phpstudy_pro\WWW\分享文件\工具\CFF Explorer汉化绿色版.png
[03-Nov-2025 11:38:48 Asia/Shanghai] 文件删除脚本执行结束: 2025-11-03 11:38:48
[03-Nov-2025 11:40:00 Asia/Shanghai] 文件删除脚本开始执行: 2025-11-03 11:40:00
[03-Nov-2025 11:40:00 Asia/Shanghai] 删除请求参数: 表名=shared_files, 文件ID=cbe53f49c0e5dea778e9a8303e4aba04
[03-Nov-2025 11:40:00 Asia/Shanghai] 基础路径: D:\phpstudy_pro\WWW
[03-Nov-2025 11:40:00 Asia/Shanghai] 成功删除物理文件: D:\phpstudy_pro\WWW\分享文件\工具\CFF Explorer汉化绿色版.png
[03-Nov-2025 11:40:00 Asia/Shanghai] 成功删除数据库记录: MD5 cbe53f49c0e5dea778e9a8303e4aba04
[03-Nov-2025 11:40:00 Asia/Shanghai] 文件删除脚本执行结束: 2025-11-03 11:40:00
[03-Nov-2025 11:40:12 Asia/Shanghai] 文件删除脚本开始执行: 2025-11-03 11:40:12
[03-Nov-2025 11:40:12 Asia/Shanghai] 删除请求参数: 表名=shared_files, 文件ID=98eecbfcda4e1da600424c7f1efd4a60
[03-Nov-2025 11:40:12 Asia/Shanghai] 基础路径: D:\phpstudy_pro\WWW
[03-Nov-2025 11:40:12 Asia/Shanghai] 成功删除物理文件: D:\phpstudy_pro\WWW\分享文件\工具\Cheat Engine 7.2.png
[03-Nov-2025 11:40:12 Asia/Shanghai] 成功删除数据库记录: MD5 98eecbfcda4e1da600424c7f1efd4a60
[03-Nov-2025 11:40:12 Asia/Shanghai] 文件删除脚本执行结束: 2025-11-03 11:40:12
[03-Nov-2025 11:41:40 Asia/Shanghai] 文件删除脚本开始执行: 2025-11-03 11:41:40
[03-Nov-2025 11:41:40 Asia/Shanghai] 删除请求参数: 表名=shared_files, 文件ID=20c0e15338ecd13967e33b11b687e4b3
[03-Nov-2025 11:41:40 Asia/Shanghai] 基础路径: D:\phpstudy_pro\WWW
[03-Nov-2025 11:41:40 Asia/Shanghai] 成功删除物理文件: D:\phpstudy_pro\WWW\分享文件\工具\cencrack翻译.png
[03-Nov-2025 11:41:40 Asia/Shanghai] 成功删除数据库记录: MD5 20c0e15338ecd13967e33b11b687e4b3
[03-Nov-2025 11:41:40 Asia/Shanghai] 文件删除脚本执行结束: 2025-11-03 11:41:40
[03-Nov-2025 11:43:32 Asia/Shanghai] 文件删除脚本开始执行: 2025-11-03 11:43:32
[03-Nov-2025 11:43:32 Asia/Shanghai] 删除请求参数: 表名=shared_files, 文件ID=1c340ca6959aedaa76cc3bdd3c45fc3d
[03-Nov-2025 11:43:32 Asia/Shanghai] 基础路径: D:\phpstudy_pro\WWW
[03-Nov-2025 11:43:32 Asia/Shanghai] 成功删除物理文件: D:\phpstudy_pro\WWW\分享文件\我的图片\360断网急救箱独立版.png
[03-Nov-2025 11:43:32 Asia/Shanghai] 成功删除数据库记录: MD5 1c340ca6959aedaa76cc3bdd3c45fc3d
[03-Nov-2025 11:43:32 Asia/Shanghai] 文件删除脚本执行结束: 2025-11-03 11:43:32
[03-Nov-2025 11:45:35 Asia/Shanghai] 文件删除脚本开始执行: 2025-11-03 11:45:35
[03-Nov-2025 11:45:35 Asia/Shanghai] 删除请求参数: 表名=shared_files, 文件ID=6e854486c25e005c0482f327e5eebaa6
[03-Nov-2025 11:45:35 Asia/Shanghai] 基础路径: D:\phpstudy_pro\WWW
[03-Nov-2025 11:45:35 Asia/Shanghai] 成功删除物理文件: D:\phpstudy_pro\WWW\分享文件\软件\360安全卫士极速版.png
[03-Nov-2025 11:45:35 Asia/Shanghai] 成功删除数据库记录: MD5 6e854486c25e005c0482f327e5eebaa6
[03-Nov-2025 11:45:35 Asia/Shanghai] 文件删除脚本执行结束: 2025-11-03 11:45:35
[03-Nov-2025 11:47:40 Asia/Shanghai] 文件删除脚本开始执行: 2025-11-03 11:47:40
[03-Nov-2025 11:47:40 Asia/Shanghai] 删除请求参数: 表名=shared_files, 文件ID=6eab5d4248c07ac4554838b858a02a6f, e84b6e562d7e564f88ea99bbdb25be9f
[03-Nov-2025 11:47:40 Asia/Shanghai] 基础路径: D:\phpstudy_pro\WWW
[03-Nov-2025 11:47:40 Asia/Shanghai] 成功删除物理文件: D:\phpstudy_pro\WWW\分享文件\工具\AI人脸替换工具RRF.png
[03-Nov-2025 11:47:40 Asia/Shanghai] 成功删除数据库记录: MD5 6eab5d4248c07ac4554838b858a02a6f
[03-Nov-2025 11:47:40 Asia/Shanghai] 成功删除物理文件: D:\phpstudy_pro\WWW\分享文件\工具\AI生产力工具.png
[03-Nov-2025 11:47:40 Asia/Shanghai] 成功删除数据库记录: MD5 e84b6e562d7e564f88ea99bbdb25be9f
[03-Nov-2025 11:47:40 Asia/Shanghai] 文件删除脚本执行结束: 2025-11-03 11:47:40
[03-Nov-2025 11:47:47 Asia/Shanghai] 文件删除脚本开始执行: 2025-11-03 11:47:47
[03-Nov-2025 11:47:47 Asia/Shanghai] 删除请求参数: 表名=shared_files, 文件ID=3b0d0107efe0a454ebbc01b1d28c5474, a7ed946564a0f20ec4e08fd81012ed32
[03-Nov-2025 11:47:47 Asia/Shanghai] 基础路径: D:\phpstudy_pro\WWW
[03-Nov-2025 11:47:47 Asia/Shanghai] 成功删除物理文件: D:\phpstudy_pro\WWW\分享文件\工具\AI去马赛克 Javplayer.png
[03-Nov-2025 11:47:47 Asia/Shanghai] 成功删除数据库记录: MD5 3b0d0107efe0a454ebbc01b1d28c5474
[03-Nov-2025 11:47:47 Asia/Shanghai] 成功删除物理文件: D:\phpstudy_pro\WWW\分享文件\工具\AI图片换脸 FaceSwap.png
[03-Nov-2025 11:47:47 Asia/Shanghai] 成功删除数据库记录: MD5 a7ed946564a0f20ec4e08fd81012ed32
[03-Nov-2025 11:47:47 Asia/Shanghai] 文件删除脚本执行结束: 2025-11-03 11:47:47
[03-Nov-2025 11:47:52 Asia/Shanghai] 文件删除脚本开始执行: 2025-11-03 11:47:52
[03-Nov-2025 11:47:52 Asia/Shanghai] 删除请求参数: 表名=shared_files, 文件ID=8d5ad066d54b32a8359ee955e7c38834, ebfad6b733c19be7a8354ac090538b7e
[03-Nov-2025 11:47:52 Asia/Shanghai] 基础路径: D:\phpstudy_pro\WWW
[03-Nov-2025 11:47:52 Asia/Shanghai] 成功删除物理文件: D:\phpstudy_pro\WWW\分享文件\工具\AI创意图像编辑器LuminarNeo安装.png
[03-Nov-2025 11:47:52 Asia/Shanghai] 成功删除数据库记录: MD5 8d5ad066d54b32a8359ee955e7c38834
[03-Nov-2025 11:47:52 Asia/Shanghai] 成功删除物理文件: D:\phpstudy_pro\WWW\分享文件\工具\AI无损放大工具 AI lossless zoomer.png
[03-Nov-2025 11:47:52 Asia/Shanghai] 成功删除数据库记录: MD5 ebfad6b733c19be7a8354ac090538b7e
[03-Nov-2025 11:47:52 Asia/Shanghai] 文件删除脚本执行结束: 2025-11-03 11:47:52
[03-Nov-2025 11:59:21 Asia/Shanghai] 文件删除脚本开始执行: 2025-11-03 11:59:21
[03-Nov-2025 11:59:21 Asia/Shanghai] 删除请求参数: 表名=shared_files, 文件ID=347148383018c2f1001a85e30159e26b, 5ec95bf75ca42c41631d418808bc9f4f
[03-Nov-2025 11:59:21 Asia/Shanghai] 基础路径: D:\phpstudy_pro\WWW
[03-Nov-2025 11:59:21 Asia/Shanghai] 成功删除物理文件: D:\phpstudy_pro\WWW\分享文件\工具\360截图.png
[03-Nov-2025 11:59:21 Asia/Shanghai] 成功删除数据库记录: MD5 347148383018c2f1001a85e30159e26b
[03-Nov-2025 11:59:21 Asia/Shanghai] 成功删除物理文件: D:\phpstudy_pro\WWW\分享文件\工具\360宽带测速器_2.png
[03-Nov-2025 11:59:21 Asia/Shanghai] 成功删除数据库记录: MD5 5ec95bf75ca42c41631d418808bc9f4f
[03-Nov-2025 11:59:21 Asia/Shanghai] 文件删除脚本执行结束: 2025-11-03 11:59:21
[03-Nov-2025 11:59:33 Asia/Shanghai] 文件删除脚本开始执行: 2025-11-03 11:59:33
[03-Nov-2025 11:59:33 Asia/Shanghai] 删除请求参数: 表名=shared_files, 文件ID=148c4687510091dfe62db434530d7904, 1d68243e68a024f5c72b9ec4c10d74c5, 008dc9e5c8dd14beb03bb89e15366ecd
[03-Nov-2025 11:59:33 Asia/Shanghai] 基础路径: D:\phpstudy_pro\WWW
[03-Nov-2025 11:59:33 Asia/Shanghai] 成功删除物理文件: D:\phpstudy_pro\WWW\分享文件\工具\360流量监控独立版_2.png
[03-Nov-2025 11:59:33 Asia/Shanghai] 成功删除数据库记录: MD5 148c4687510091dfe62db434530d7904
[03-Nov-2025 11:59:33 Asia/Shanghai] 成功删除物理文件: D:\phpstudy_pro\WWW\分享文件\工具\360驱动大师绿色单文件_2.png
[03-Nov-2025 11:59:33 Asia/Shanghai] 成功删除数据库记录: MD5 1d68243e68a024f5c72b9ec4c10d74c5
[03-Nov-2025 11:59:33 Asia/Shanghai] 成功删除物理文件: D:\phpstudy_pro\WWW\分享文件\工具\360任务管理器_2.png
[03-Nov-2025 11:59:33 Asia/Shanghai] 成功删除数据库记录: MD5 008dc9e5c8dd14beb03bb89e15366ecd
[03-Nov-2025 11:59:33 Asia/Shanghai] 文件删除脚本执行结束: 2025-11-03 11:59:33
[03-Nov-2025 11:59:54 Asia/Shanghai] 文件删除脚本开始执行: 2025-11-03 11:59:54
[03-Nov-2025 11:59:54 Asia/Shanghai] 删除请求参数: 表名=shared_files, 文件ID=fca5da8155f458ae80ab2121c03aa62d, 8a06202580dabb8c786be9192481083e
[03-Nov-2025 11:59:54 Asia/Shanghai] 基础路径: D:\phpstudy_pro\WWW
[03-Nov-2025 11:59:54 Asia/Shanghai] 成功删除物理文件: D:\phpstudy_pro\WWW\分享文件\软件\Loaddll.exe
[03-Nov-2025 11:59:54 Asia/Shanghai] 成功删除数据库记录: MD5 fca5da8155f458ae80ab2121c03aa62d
[03-Nov-2025 11:59:54 Asia/Shanghai] 成功删除物理文件: D:\phpstudy_pro\WWW\分享文件\软件\ollydbg.EXE
[03-Nov-2025 11:59:54 Asia/Shanghai] 成功删除数据库记录: MD5 8a06202580dabb8c786be9192481083e
[03-Nov-2025 11:59:54 Asia/Shanghai] 文件删除脚本执行结束: 2025-11-03 11:59:54
[03-Nov-2025 12:00:01 Asia/Shanghai] 文件删除脚本开始执行: 2025-11-03 12:00:01
[03-Nov-2025 12:00:01 Asia/Shanghai] 删除请求参数: 表名=shared_files, 文件ID=5236543589cbbec54cd0ada3a96c803a
[03-Nov-2025 12:00:01 Asia/Shanghai] 基础路径: D:\phpstudy_pro\WWW
[03-Nov-2025 12:00:01 Asia/Shanghai] 成功删除物理文件: D:\phpstudy_pro\WWW\分享文件\资料\WebBrowser.exe
[03-Nov-2025 12:00:01 Asia/Shanghai] 成功删除数据库记录: MD5 5236543589cbbec54cd0ada3a96c803a
[03-Nov-2025 12:00:01 Asia/Shanghai] 文件删除脚本执行结束: 2025-11-03 12:00:01
[03-Nov-2025 12:00:16 Asia/Shanghai] 文件删除脚本开始执行: 2025-11-03 12:00:16
[03-Nov-2025 12:00:16 Asia/Shanghai] 删除请求参数: 表名=shared_files, 文件ID=9e0ddc1f149112ccfa4d4e26b9b99b12
[03-Nov-2025 12:00:16 Asia/Shanghai] 基础路径: D:\phpstudy_pro\WWW
[03-Nov-2025 12:00:16 Asia/Shanghai] 成功删除物理文件: D:\phpstudy_pro\WWW\分享文件\我的图片\SharpOD_Driver.sys
[03-Nov-2025 12:00:16 Asia/Shanghai] 成功删除数据库记录: MD5 9e0ddc1f149112ccfa4d4e26b9b99b12
[03-Nov-2025 12:00:16 Asia/Shanghai] 文件删除脚本执行结束: 2025-11-03 12:00:16
[03-Nov-2025 12:00:27 Asia/Shanghai] 文件删除脚本开始执行: 2025-11-03 12:00:27
[03-Nov-2025 12:00:27 Asia/Shanghai] 删除请求参数: 表名=shared_files, 文件ID=a8d5b31222cca283fef3c17ac8e0935f
[03-Nov-2025 12:00:27 Asia/Shanghai] 基础路径: D:\phpstudy_pro\WWW
[03-Nov-2025 12:00:27 Asia/Shanghai] 成功删除物理文件: D:\phpstudy_pro\WWW\分享文件\工具\在线工具包-测试.rar
[03-Nov-2025 12:00:27 Asia/Shanghai] 成功删除数据库记录: MD5 a8d5b31222cca283fef3c17ac8e0935f
[03-Nov-2025 12:00:27 Asia/Shanghai] 文件删除脚本执行结束: 2025-11-03 12:00:27[03-Nov-2025 15:55:18 Asia/Shanghai] 文件删除脚本开始执行: 2025-11-03 15:55:18
[03-Nov-2025 15:55:18 Asia/Shanghai] 删除请求参数: 表名=shared_files, 文件ID=008dc9e5c8dd14beb03bb89e15366ecd, 5ec95bf75ca42c41631d418808bc9f4f, e0d3db1f325a1f5263cd899e2c2d0f3c, 08a3fdd83f2456714fd2ddd30f39a1e5, 1b0e41802e52ddbc50e052ef00ef96f3, 1b0e41802e52ddbc50e052ef00ef96f3, 1b0e41802e52ddbc50e052ef00ef96f3, 8bd7d7da7c9f4cfeaf7afc8458375bd1, c95550b68e473dd4b27cd5165374b815, 148c4687510091dfe62db434530d7904, 30636b399e8c34fd9cb10d32da674fa1, 1d68243e68a024f5c72b9ec4c10d74c5, 008dc9e5c8dd14beb03bb89e15366ecd, 5ec95bf75ca42c41631d418808bc9f4f, e0d3db1f325a1f5263cd899e2c2d0f3c, 08a3fdd83f2456714fd2ddd30f39a1e5, 1b0e41802e52ddbc50e052ef00ef96f3, 8bd7d7da7c9f4cfeaf7afc8458375bd1, c95550b68e473dd4b27cd5165374b815, 148c4687510091dfe62db434530d7904
[03-Nov-2025 15:55:18 Asia/Shanghai] 基础路径: D:\phpstudy_pro\WWW
[03-Nov-2025 15:55:18 Asia/Shanghai] 文件位于分享目录，跳过安全检查: 360任务管理器_1.png
[03-Nov-2025 15:55:18 Asia/Shanghai] 成功删除物理文件: D:\phpstudy_pro\WWW\分享文件\工具\360任务管理器_1.png
[03-Nov-2025 15:55:18 Asia/Shanghai] 成功删除数据库记录: MD5 008dc9e5c8dd14beb03bb89e15366ecd
[03-Nov-2025 15:55:18 Asia/Shanghai] 文件位于分享目录，跳过安全检查: 360宽带测速器_1.png
[03-Nov-2025 15:55:18 Asia/Shanghai] 成功删除物理文件: D:\phpstudy_pro\WWW\分享文件\工具\360宽带测速器_1.png
[03-Nov-2025 15:55:18 Asia/Shanghai] 成功删除数据库记录: MD5 5ec95bf75ca42c41631d418808bc9f4f
[03-Nov-2025 15:55:18 Asia/Shanghai] 文件位于分享目录，跳过安全检查: 360文件恢复独立版_1.png
[03-Nov-2025 15:55:18 Asia/Shanghai] 成功删除物理文件: D:\phpstudy_pro\WWW\分享文件\工具\360文件恢复独立版_1.png
[03-Nov-2025 15:55:18 Asia/Shanghai] 成功删除数据库记录: MD5 e0d3db1f325a1f5263cd899e2c2d0f3c
[03-Nov-2025 15:55:18 Asia/Shanghai] 文件位于分享目录，跳过安全检查: 360文件粉碎机独立版_1.png
[03-Nov-2025 15:55:18 Asia/Shanghai] 成功删除物理文件: D:\phpstudy_pro\WWW\分享文件\工具\360文件粉碎机独立版_1.png
[03-Nov-2025 15:55:18 Asia/Shanghai] 成功删除数据库记录: MD5 08a3fdd83f2456714fd2ddd30f39a1e5
[03-Nov-2025 15:55:18 Asia/Shanghai] 文件位于分享目录，跳过安全检查: 360杀毒_1.png
[03-Nov-2025 15:55:18 Asia/Shanghai] 成功删除物理文件: D:\phpstudy_pro\WWW\分享文件\工具\360杀毒_1.png
[03-Nov-2025 15:55:18 Asia/Shanghai] 成功删除数据库记录: MD5 1b0e41802e52ddbc50e052ef00ef96f3
[03-Nov-2025 15:55:18 Asia/Shanghai] 数据库中未找到MD5为 1b0e41802e52ddbc50e052ef00ef96f3 的记录
[03-Nov-2025 15:55:18 Asia/Shanghai] 数据库中未找到MD5为 1b0e41802e52ddbc50e052ef00ef96f3 的记录
[03-Nov-2025 15:55:18 Asia/Shanghai] 文件位于分享目录，跳过安全检查: 360杀毒64位_1.png
[03-Nov-2025 15:55:18 Asia/Shanghai] 成功删除物理文件: D:\phpstudy_pro\WWW\分享文件\工具\360杀毒64位_1.png
[03-Nov-2025 15:55:18 Asia/Shanghai] 成功删除数据库记录: MD5 8bd7d7da7c9f4cfeaf7afc8458375bd1
[03-Nov-2025 15:55:18 Asia/Shanghai] 文件位于分享目录，跳过安全检查: 360桌面助手_1.png
[03-Nov-2025 15:55:18 Asia/Shanghai] 成功删除物理文件: D:\phpstudy_pro\WWW\分享文件\工具\360桌面助手_1.png
[03-Nov-2025 15:55:18 Asia/Shanghai] 成功删除数据库记录: MD5 c95550b68e473dd4b27cd5165374b815
[03-Nov-2025 15:55:18 Asia/Shanghai] 文件位于分享目录，跳过安全检查: 360流量监控独立版_1.png
[03-Nov-2025 15:55:18 Asia/Shanghai] 成功删除物理文件: D:\phpstudy_pro\WWW\分享文件\工具\360流量监控独立版_1.png
[03-Nov-2025 15:55:18 Asia/Shanghai] 成功删除数据库记录: MD5 148c4687510091dfe62db434530d7904
[03-Nov-2025 15:55:18 Asia/Shanghai] 文件位于分享目录，跳过安全检查: 360缩水U盘鉴定器_1.png
[03-Nov-2025 15:55:18 Asia/Shanghai] 成功删除物理文件: D:\phpstudy_pro\WWW\分享文件\工具\360缩水U盘鉴定器_1.png
[03-Nov-2025 15:55:18 Asia/Shanghai] 成功删除数据库记录: MD5 30636b399e8c34fd9cb10d32da674fa1
[03-Nov-2025 15:55:18 Asia/Shanghai] 文件位于分享目录，跳过安全检查: 360驱动大师绿色单文件_1.png
[03-Nov-2025 15:55:18 Asia/Shanghai] 成功删除物理文件: D:\phpstudy_pro\WWW\分享文件\工具\360驱动大师绿色单文件_1.png
[03-Nov-2025 15:55:18 Asia/Shanghai] 成功删除数据库记录: MD5 1d68243e68a024f5c72b9ec4c10d74c5
[03-Nov-2025 15:55:18 Asia/Shanghai] 数据库中未找到MD5为 008dc9e5c8dd14beb03bb89e15366ecd 的记录
[03-Nov-2025 15:55:18 Asia/Shanghai] 数据库中未找到MD5为 5ec95bf75ca42c41631d418808bc9f4f 的记录
[03-Nov-2025 15:55:18 Asia/Shanghai] 数据库中未找到MD5为 e0d3db1f325a1f5263cd899e2c2d0f3c 的记录
[03-Nov-2025 15:55:18 Asia/Shanghai] 数据库中未找到MD5为 08a3fdd83f2456714fd2ddd30f39a1e5 的记录
[03-Nov-2025 15:55:18 Asia/Shanghai] 数据库中未找到MD5为 1b0e41802e52ddbc50e052ef00ef96f3 的记录
[03-Nov-2025 15:55:18 Asia/Shanghai] 数据库中未找到MD5为 8bd7d7da7c9f4cfeaf7afc8458375bd1 的记录
[03-Nov-2025 15:55:18 Asia/Shanghai] 数据库中未找到MD5为 c95550b68e473dd4b27cd5165374b815 的记录
[03-Nov-2025 15:55:18 Asia/Shanghai] 数据库中未找到MD5为 148c4687510091dfe62db434530d7904 的记录
[03-Nov-2025 15:55:18 Asia/Shanghai] 文件删除脚本执行结束: 2025-11-03 15:55:18
[03-Nov-2025 15:56:54 Asia/Shanghai] 文件删除脚本开始执行: 2025-11-03 15:56:54
[03-Nov-2025 15:56:54 Asia/Shanghai] 删除请求参数: 表名=shared_files, 文件ID=1b0e41802e52ddbc50e052ef00ef96f3
[03-Nov-2025 15:56:54 Asia/Shanghai] 基础路径: D:\phpstudy_pro\WWW
[03-Nov-2025 15:56:54 Asia/Shanghai] 文件位于分享目录，跳过安全检查: 360杀毒.png
[03-Nov-2025 15:56:54 Asia/Shanghai] 成功删除物理文件: D:\phpstudy_pro\WWW\分享文件\工具\360杀毒.png
[03-Nov-2025 15:56:54 Asia/Shanghai] 成功删除数据库记录: MD5 1b0e41802e52ddbc50e052ef00ef96f3
[03-Nov-2025 15:56:54 Asia/Shanghai] 文件删除脚本执行结束: 2025-11-03 15:56:54
[03-Nov-2025 15:57:15 Asia/Shanghai] 文件删除脚本开始执行: 2025-11-03 15:57:15
[03-Nov-2025 15:57:15 Asia/Shanghai] 删除请求参数: 表名=shared_files, 文件ID=008dc9e5c8dd14beb03bb89e15366ecd, 5ec95bf75ca42c41631d418808bc9f4f, e0d3db1f325a1f5263cd899e2c2d0f3c, 08a3fdd83f2456714fd2ddd30f39a1e5, 8bd7d7da7c9f4cfeaf7afc8458375bd1, c95550b68e473dd4b27cd5165374b815, 148c4687510091dfe62db434530d7904, 30636b399e8c34fd9cb10d32da674fa1, 1d68243e68a024f5c72b9ec4c10d74c5
[03-Nov-2025 15:57:15 Asia/Shanghai] 基础路径: D:\phpstudy_pro\WWW
[03-Nov-2025 15:57:15 Asia/Shanghai] 文件位于分享目录，跳过安全检查: 360任务管理器.png
[03-Nov-2025 15:57:15 Asia/Shanghai] 成功删除物理文件: D:\phpstudy_pro\WWW\分享文件\工具\360任务管理器.png
[03-Nov-2025 15:57:15 Asia/Shanghai] 成功删除数据库记录: MD5 008dc9e5c8dd14beb03bb89e15366ecd
[03-Nov-2025 15:57:15 Asia/Shanghai] 文件位于分享目录，跳过安全检查: 360宽带测速器.png
[03-Nov-2025 15:57:15 Asia/Shanghai] 成功删除物理文件: D:\phpstudy_pro\WWW\分享文件\工具\360宽带测速器.png
[03-Nov-2025 15:57:15 Asia/Shanghai] 成功删除数据库记录: MD5 5ec95bf75ca42c41631d418808bc9f4f
[03-Nov-2025 15:57:15 Asia/Shanghai] 文件位于分享目录，跳过安全检查: 360文件恢复独立版.png
[03-Nov-2025 15:57:15 Asia/Shanghai] 成功删除物理文件: D:\phpstudy_pro\WWW\分享文件\工具\360文件恢复独立版.png
[03-Nov-2025 15:57:15 Asia/Shanghai] 成功删除数据库记录: MD5 e0d3db1f325a1f5263cd899e2c2d0f3c
[03-Nov-2025 15:57:15 Asia/Shanghai] 文件位于分享目录，跳过安全检查: 360文件粉碎机独立版.png
[03-Nov-2025 15:57:15 Asia/Shanghai] 成功删除物理文件: D:\phpstudy_pro\WWW\分享文件\工具\360文件粉碎机独立版.png
[03-Nov-2025 15:57:15 Asia/Shanghai] 成功删除数据库记录: MD5 08a3fdd83f2456714fd2ddd30f39a1e5
[03-Nov-2025 15:57:15 Asia/Shanghai] 文件位于分享目录，跳过安全检查: 360杀毒64位.png
[03-Nov-2025 15:57:15 Asia/Shanghai] 成功删除物理文件: D:\phpstudy_pro\WWW\分享文件\工具\360杀毒64位.png
[03-Nov-2025 15:57:15 Asia/Shanghai] 成功删除数据库记录: MD5 8bd7d7da7c9f4cfeaf7afc8458375bd1
[03-Nov-2025 15:57:15 Asia/Shanghai] 文件位于分享目录，跳过安全检查: 360桌面助手.png
[03-Nov-2025 15:57:15 Asia/Shanghai] 成功删除物理文件: D:\phpstudy_pro\WWW\分享文件\工具\360桌面助手.png
[03-Nov-2025 15:57:15 Asia/Shanghai] 成功删除数据库记录: MD5 c95550b68e473dd4b27cd5165374b815
[03-Nov-2025 15:57:15 Asia/Shanghai] 文件位于分享目录，跳过安全检查: 360流量监控独立版.png
[03-Nov-2025 15:57:15 Asia/Shanghai] 成功删除物理文件: D:\phpstudy_pro\WWW\分享文件\工具\360流量监控独立版.png
[03-Nov-2025 15:57:15 Asia/Shanghai] 成功删除数据库记录: MD5 148c4687510091dfe62db434530d7904
[03-Nov-2025 15:57:15 Asia/Shanghai] 文件位于分享目录，跳过安全检查: 360缩水U盘鉴定器.png
[03-Nov-2025 15:57:15 Asia/Shanghai] 成功删除物理文件: D:\phpstudy_pro\WWW\分享文件\工具\360缩水U盘鉴定器.png
[03-Nov-2025 15:57:15 Asia/Shanghai] 成功删除数据库记录: MD5 30636b399e8c34fd9cb10d32da674fa1
[03-Nov-2025 15:57:15 Asia/Shanghai] 文件位于分享目录，跳过安全检查: 360驱动大师绿色单文件.png
[03-Nov-2025 15:57:15 Asia/Shanghai] 成功删除物理文件: D:\phpstudy_pro\WWW\分享文件\工具\360驱动大师绿色单文件.png
[03-Nov-2025 15:57:15 Asia/Shanghai] 成功删除数据库记录: MD5 1d68243e68a024f5c72b9ec4c10d74c5
[03-Nov-2025 15:57:15 Asia/Shanghai] 文件删除脚本执行结束: 2025-11-03 15:57:15
[03-Nov-2025 15:58:32 Asia/Shanghai] 文件删除脚本开始执行: 2025-11-03 15:58:32
[03-Nov-2025 15:58:32 Asia/Shanghai] 删除请求参数: 表名=shared_files, 文件ID=1b0e41802e52ddbc50e052ef00ef96f3, 1b0e41802e52ddbc50e052ef00ef96f3, a117011e2c484ade10e480c5977e2370, 6fdec602a2cff21b82de9d68bd1f2241, 6600f2ee9419e234303281fefcbbef80, c09d6f64e80dea8e7929bf1b7ef5048e, cf226c4d94042d66fd61a9517abf9c63, 0d2fe75467ab5347cefe9ab670f84bef, 0d2fe75467ab5347cefe9ab670f84bef, 0d2fe75467ab5347cefe9ab670f84bef, d83380a8d91bec1196f2c56e6a3e3fc5, f30a0f012489bf8f79fec82f74cc2928, a117011e2c484ade10e480c5977e2370, 6fdec602a2cff21b82de9d68bd1f2241, 6600f2ee9419e234303281fefcbbef80, c09d6f64e80dea8e7929bf1b7ef5048e, cf226c4d94042d66fd61a9517abf9c63, 0d2fe75467ab5347cefe9ab670f84bef, d83380a8d91bec1196f2c56e6a3e3fc5, 98eecbfcda4e1da600424c7f1efd4a60
[03-Nov-2025 15:58:32 Asia/Shanghai] 基础路径: D:\phpstudy_pro\WWW
[03-Nov-2025 15:58:32 Asia/Shanghai] 文件位于分享目录，跳过安全检查: 360杀毒32位.png
[03-Nov-2025 15:58:32 Asia/Shanghai] 成功删除物理文件: D:\phpstudy_pro\WWW\分享文件\工具\360杀毒32位.png
[03-Nov-2025 15:58:32 Asia/Shanghai] 成功删除数据库记录: MD5 1b0e41802e52ddbc50e052ef00ef96f3
[03-Nov-2025 15:58:32 Asia/Shanghai] 数据库中未找到MD5为 1b0e41802e52ddbc50e052ef00ef96f3 的记录
[03-Nov-2025 15:58:32 Asia/Shanghai] 文件位于分享目录，跳过安全检查: 2022颠峰特训云题库_1.png
[03-Nov-2025 15:58:32 Asia/Shanghai] 成功删除物理文件: D:\phpstudy_pro\WWW\分享文件\工具\2022颠峰特训云题库_1.png
[03-Nov-2025 15:58:32 Asia/Shanghai] 成功删除数据库记录: MD5 a117011e2c484ade10e480c5977e2370
[03-Nov-2025 15:58:32 Asia/Shanghai] 文件位于分享目录，跳过安全检查: ABBYY FineReader破解版_1.png
[03-Nov-2025 15:58:32 Asia/Shanghai] 成功删除物理文件: D:\phpstudy_pro\WWW\分享文件\工具\ABBYY FineReader破解版_1.png
[03-Nov-2025 15:58:32 Asia/Shanghai] 成功删除数据库记录: MD5 6fdec602a2cff21b82de9d68bd1f2241
[03-Nov-2025 15:58:32 Asia/Shanghai] 文件位于分享目录，跳过安全检查: ACD2025_1.png
[03-Nov-2025 15:58:32 Asia/Shanghai] 成功删除物理文件: D:\phpstudy_pro\WWW\分享文件\工具\ACD2025_1.png
[03-Nov-2025 15:58:32 Asia/Shanghai] 成功删除数据库记录: MD5 6600f2ee9419e234303281fefcbbef80
[03-Nov-2025 15:58:32 Asia/Shanghai] 文件位于分享目录，跳过安全检查: AHeadLib.Net_1.png
[03-Nov-2025 15:58:32 Asia/Shanghai] 成功删除物理文件: D:\phpstudy_pro\WWW\分享文件\工具\AHeadLib.Net_1.png
[03-Nov-2025 15:58:32 Asia/Shanghai] 成功删除数据库记录: MD5 c09d6f64e80dea8e7929bf1b7ef5048e
[03-Nov-2025 15:58:32 Asia/Shanghai] 文件位于分享目录，跳过安全检查: Access 2007_1.png
[03-Nov-2025 15:58:32 Asia/Shanghai] 成功删除物理文件: D:\phpstudy_pro\WWW\分享文件\工具\Access 2007_1.png
[03-Nov-2025 15:58:32 Asia/Shanghai] 成功删除数据库记录: MD5 cf226c4d94042d66fd61a9517abf9c63
[03-Nov-2025 15:58:32 Asia/Shanghai] 文件位于分享目录，跳过安全检查: Adobe Flash Player PPAPI版_1.png
[03-Nov-2025 15:58:32 Asia/Shanghai] 成功删除物理文件: D:\phpstudy_pro\WWW\分享文件\工具\Adobe Flash Player PPAPI版_1.png
[03-Nov-2025 15:58:32 Asia/Shanghai] 成功删除数据库记录: MD5 0d2fe75467ab5347cefe9ab670f84bef
[03-Nov-2025 15:58:32 Asia/Shanghai] 数据库中未找到MD5为 0d2fe75467ab5347cefe9ab670f84bef 的记录
[03-Nov-2025 15:58:32 Asia/Shanghai] 数据库中未找到MD5为 0d2fe75467ab5347cefe9ab670f84bef 的记录
[03-Nov-2025 15:58:32 Asia/Shanghai] 文件位于分享目录，跳过安全检查: After Effects CC_1.png
[03-Nov-2025 15:58:32 Asia/Shanghai] 成功删除物理文件: D:\phpstudy_pro\WWW\分享文件\工具\After Effects CC_1.png
[03-Nov-2025 15:58:32 Asia/Shanghai] 成功删除数据库记录: MD5 d83380a8d91bec1196f2c56e6a3e3fc5
[03-Nov-2025 15:58:32 Asia/Shanghai] 文件位于分享目录，跳过安全检查: aida64_1.png
[03-Nov-2025 15:58:32 Asia/Shanghai] 成功删除物理文件: D:\phpstudy_pro\WWW\分享文件\工具\aida64_1.png
[03-Nov-2025 15:58:32 Asia/Shanghai] 成功删除数据库记录: MD5 f30a0f012489bf8f79fec82f74cc2928
[03-Nov-2025 15:58:32 Asia/Shanghai] 数据库中未找到MD5为 a117011e2c484ade10e480c5977e2370 的记录
[03-Nov-2025 15:58:32 Asia/Shanghai] 数据库中未找到MD5为 6fdec602a2cff21b82de9d68bd1f2241 的记录
[03-Nov-2025 15:58:32 Asia/Shanghai] 数据库中未找到MD5为 6600f2ee9419e234303281fefcbbef80 的记录
[03-Nov-2025 15:58:32 Asia/Shanghai] 数据库中未找到MD5为 c09d6f64e80dea8e7929bf1b7ef5048e 的记录
[03-Nov-2025 15:58:32 Asia/Shanghai] 数据库中未找到MD5为 cf226c4d94042d66fd61a9517abf9c63 的记录
[03-Nov-2025 15:58:32 Asia/Shanghai] 数据库中未找到MD5为 0d2fe75467ab5347cefe9ab670f84bef 的记录
[03-Nov-2025 15:58:32 Asia/Shanghai] 数据库中未找到MD5为 d83380a8d91bec1196f2c56e6a3e3fc5 的记录
[03-Nov-2025 15:58:32 Asia/Shanghai] 文件位于分享目录，跳过安全检查: Cheat Engine.png
[03-Nov-2025 15:58:32 Asia/Shanghai] 成功删除物理文件: D:\phpstudy_pro\WWW\分享文件\工具\Cheat Engine.png
[03-Nov-2025 15:58:32 Asia/Shanghai] 成功删除数据库记录: MD5 98eecbfcda4e1da600424c7f1efd4a60
[03-Nov-2025 15:58:32 Asia/Shanghai] 文件删除脚本执行结束: 2025-11-03 15:58:32
[03-Nov-2025 18:11:41 Asia/Shanghai] 文件删除脚本开始执行: 2025-11-03 18:11:41
[03-Nov-2025 18:11:41 Asia/Shanghai] 删除请求参数: 表名=shared_files, 文件ID=bb4fd506ac16f8b9e7861243b0db3d9a, 384ea715175aaff024cc0b728d0b9d10, 0a570335b4113a32d448f9fc77580ed5, dbc86ae9e3c15d2acb7b8287035b223d, baaf9dc3c15a6b94bdb8dea979d2ba0d, 3ddaaa088596de787b8f9ece88d06715, eab089bbb3dc1e4bf5dcca444fe4b33c, 5c074bd06180026bd606050ab8adafa2, 053bff5f805f879c09989b45e7831eba, 1512f76f78e6520c53519710b71e2010, 8bfd498d379b88ba48ca76eb899d9cd8, 58d33f5169609d0d02d0cbc4aa1b752a, bb7d12fa5b29c6961bd059be6d55ec34, 7d218b348e6b32a86249eab7abed4f92, 6a97df45b048717d14b4bf4b6ada3abe, c5c5ee095726a2cb8569407ff0da5c41, 6e901d462f46cebe2d98be9cb9f3a8c2, f96568d5040b741c9946c36efe823a67, 751c780456d9f499efc7f6c1ed6c6e01, ed1b8a9bdb0800b94c8329bcc8f79614
[03-Nov-2025 18:11:41 Asia/Shanghai] 基础路径: D:\phpstudy_pro\WWW
[03-Nov-2025 18:11:41 Asia/Shanghai] 文件位于分享目录，跳过安全检查: 思维导图亿图MindMaster.png
[03-Nov-2025 18:11:41 Asia/Shanghai] 成功删除物理文件: D:\phpstudy_pro\WWW\分享文件\测试分类\思维导图亿图MindMaster.png
[03-Nov-2025 18:11:41 Asia/Shanghai] 成功删除数据库记录: MD5 bb4fd506ac16f8b9e7861243b0db3d9a
[03-Nov-2025 18:11:41 Asia/Shanghai] 文件位于分享目录，跳过安全检查: 搜狗截屏.png
[03-Nov-2025 18:11:41 Asia/Shanghai] 成功删除物理文件: D:\phpstudy_pro\WWW\分享文件\测试分类\搜狗截屏.png
[03-Nov-2025 18:11:41 Asia/Shanghai] 成功删除数据库记录: MD5 384ea715175aaff024cc0b728d0b9d10
[03-Nov-2025 18:11:41 Asia/Shanghai] 文件位于分享目录，跳过安全检查: 搜狗浏览器.png
[03-Nov-2025 18:11:41 Asia/Shanghai] 成功删除物理文件: D:\phpstudy_pro\WWW\分享文件\测试分类\搜狗浏览器.png
[03-Nov-2025 18:11:41 Asia/Shanghai] 成功删除数据库记录: MD5 0a570335b4113a32d448f9fc77580ed5
[03-Nov-2025 18:11:41 Asia/Shanghai] 文件位于分享目录，跳过安全检查: kk录像机vip破解版.png
[03-Nov-2025 18:11:41 Asia/Shanghai] 成功删除物理文件: D:\phpstudy_pro\WWW\分享文件\资料\kk录像机vip破解版.png
[03-Nov-2025 18:11:41 Asia/Shanghai] 成功删除数据库记录: MD5 dbc86ae9e3c15d2acb7b8287035b223d
[03-Nov-2025 18:11:41 Asia/Shanghai] 文件位于分享目录，跳过安全检查: LordPE1.png
[03-Nov-2025 18:11:41 Asia/Shanghai] 成功删除物理文件: D:\phpstudy_pro\WWW\分享文件\资料\LordPE1.png
[03-Nov-2025 18:11:41 Asia/Shanghai] 成功删除数据库记录: MD5 baaf9dc3c15a6b94bdb8dea979d2ba0d
[03-Nov-2025 18:11:41 Asia/Shanghai] 文件位于分享目录，跳过安全检查: m3u8下载工具N_m3u8DL-CLI-SimpleG.png
[03-Nov-2025 18:11:41 Asia/Shanghai] 成功删除物理文件: D:\phpstudy_pro\WWW\分享文件\资料\m3u8下载工具N_m3u8DL-CLI-SimpleG.png
[03-Nov-2025 18:11:41 Asia/Shanghai] 成功删除数据库记录: MD5 3ddaaa088596de787b8f9ece88d06715
[03-Nov-2025 18:11:41 Asia/Shanghai] 文件位于分享目录，跳过安全检查: md5密码查询.png
[03-Nov-2025 18:11:41 Asia/Shanghai] 成功删除物理文件: D:\phpstudy_pro\WWW\分享文件\资料\md5密码查询.png
[03-Nov-2025 18:11:41 Asia/Shanghai] 成功删除数据库记录: MD5 eab089bbb3dc1e4bf5dcca444fe4b33c
[03-Nov-2025 18:11:41 Asia/Shanghai] 文件位于分享目录，跳过安全检查: Baymax Patch Tools x64.png
[03-Nov-2025 18:11:41 Asia/Shanghai] 成功删除物理文件: D:\phpstudy_pro\WWW\分享文件\软件\Baymax Patch Tools x64.png
[03-Nov-2025 18:11:41 Asia/Shanghai] 成功删除数据库记录: MD5 5c074bd06180026bd606050ab8adafa2
[03-Nov-2025 18:11:41 Asia/Shanghai] 文件位于分享目录，跳过安全检查: Baymax Patch Tools x86.png
[03-Nov-2025 18:11:41 Asia/Shanghai] 成功删除物理文件: D:\phpstudy_pro\WWW\分享文件\软件\Baymax Patch Tools x86.png
[03-Nov-2025 18:11:41 Asia/Shanghai] 成功删除数据库记录: MD5 053bff5f805f879c09989b45e7831eba
[03-Nov-2025 18:11:41 Asia/Shanghai] 文件位于分享目录，跳过安全检查: BoosterX.png
[03-Nov-2025 18:11:41 Asia/Shanghai] 成功删除物理文件: D:\phpstudy_pro\WWW\分享文件\软件\BoosterX.png
[03-Nov-2025 18:11:41 Asia/Shanghai] 成功删除数据库记录: MD5 1512f76f78e6520c53519710b71e2010
[03-Nov-2025 18:11:41 Asia/Shanghai] 文件位于分享目录，跳过安全检查: B站视频下载工具Bilidown.png
[03-Nov-2025 18:11:41 Asia/Shanghai] 成功删除物理文件: D:\phpstudy_pro\WWW\分享文件\软件\B站视频下载工具Bilidown.png
[03-Nov-2025 18:11:41 Asia/Shanghai] 成功删除数据库记录: MD5 8bfd498d379b88ba48ca76eb899d9cd8
[03-Nov-2025 18:11:41 Asia/Shanghai] 文件位于分享目录，跳过安全检查: C32Asm.png
[03-Nov-2025 18:11:41 Asia/Shanghai] 成功删除物理文件: D:\phpstudy_pro\WWW\分享文件\软件\C32Asm.png
[03-Nov-2025 18:11:41 Asia/Shanghai] 成功删除数据库记录: MD5 58d33f5169609d0d02d0cbc4aa1b752a
[03-Nov-2025 18:11:41 Asia/Shanghai] 文件位于分享目录，跳过安全检查: EditPlus爆破版.png
[03-Nov-2025 18:11:41 Asia/Shanghai] 成功删除物理文件: D:\phpstudy_pro\WWW\分享文件\资料\EditPlus爆破版.png
[03-Nov-2025 18:11:41 Asia/Shanghai] 成功删除数据库记录: MD5 bb7d12fa5b29c6961bd059be6d55ec34
[03-Nov-2025 18:11:41 Asia/Shanghai] 文件位于分享目录，跳过安全检查: Enigma Virtual Box.png
[03-Nov-2025 18:11:41 Asia/Shanghai] 成功删除物理文件: D:\phpstudy_pro\WWW\分享文件\资料\Enigma Virtual Box.png
[03-Nov-2025 18:11:41 Asia/Shanghai] 成功删除数据库记录: MD5 7d218b348e6b32a86249eab7abed4f92
[03-Nov-2025 18:11:41 Asia/Shanghai] 文件位于分享目录，跳过安全检查: EnigmaVBUnpacker.png
[03-Nov-2025 18:11:41 Asia/Shanghai] 成功删除物理文件: D:\phpstudy_pro\WWW\分享文件\资料\EnigmaVBUnpacker.png
[03-Nov-2025 18:11:41 Asia/Shanghai] 成功删除数据库记录: MD5 6a97df45b048717d14b4bf4b6ada3abe
[03-Nov-2025 18:11:41 Asia/Shanghai] 文件位于分享目录，跳过安全检查: ETU-Dasm.png
[03-Nov-2025 18:11:41 Asia/Shanghai] 成功删除物理文件: D:\phpstudy_pro\WWW\分享文件\资料\ETU-Dasm.png
[03-Nov-2025 18:11:41 Asia/Shanghai] 成功删除数据库记录: MD5 c5c5ee095726a2cb8569407ff0da5c41
[03-Nov-2025 18:11:41 Asia/Shanghai] 文件位于分享目录，跳过安全检查: DeDeDark.png
[03-Nov-2025 18:11:41 Asia/Shanghai] 成功删除物理文件: D:\phpstudy_pro\WWW\分享文件\我的图片\DeDeDark.png
[03-Nov-2025 18:11:41 Asia/Shanghai] 成功删除数据库记录: MD5 6e901d462f46cebe2d98be9cb9f3a8c2
[03-Nov-2025 18:11:41 Asia/Shanghai] 文件位于分享目录，跳过安全检查: die.png
[03-Nov-2025 18:11:41 Asia/Shanghai] 成功删除物理文件: D:\phpstudy_pro\WWW\分享文件\我的图片\die.png
[03-Nov-2025 18:11:41 Asia/Shanghai] 成功删除数据库记录: MD5 f96568d5040b741c9946c36efe823a67
[03-Nov-2025 18:11:41 Asia/Shanghai] 文件位于分享目录，跳过安全检查: DirectX_修复工具.png
[03-Nov-2025 18:11:41 Asia/Shanghai] 成功删除物理文件: D:\phpstudy_pro\WWW\分享文件\我的图片\DirectX_修复工具.png
[03-Nov-2025 18:11:41 Asia/Shanghai] 成功删除数据库记录: MD5 751c780456d9f499efc7f6c1ed6c6e01
[03-Nov-2025 18:11:41 Asia/Shanghai] 文件位于分享目录，跳过安全检查: DiskGenius.png
[03-Nov-2025 18:11:41 Asia/Shanghai] 成功删除物理文件: D:\phpstudy_pro\WWW\分享文件\我的图片\DiskGenius.png
[03-Nov-2025 18:11:41 Asia/Shanghai] 成功删除数据库记录: MD5 ed1b8a9bdb0800b94c8329bcc8f79614
[03-Nov-2025 18:11:41 Asia/Shanghai] 文件删除脚本执行结束: 2025-11-03 18:11:41
[03-Nov-2025 18:12:06 Asia/Shanghai] 文件删除脚本开始执行: 2025-11-03 18:12:06
[03-Nov-2025 18:12:06 Asia/Shanghai] 删除请求参数: 表名=shared_files, 文件ID=6e901d462f46cebe2d98be9cb9f3a8c2, 751c780456d9f499efc7f6c1ed6c6e01, ed1b8a9bdb0800b94c8329bcc8f79614, ed1b8a9bdb0800b94c8329bcc8f79614, ed1b8a9bdb0800b94c8329bcc8f79614, ed1b8a9bdb0800b94c8329bcc8f79614, f96568d5040b741c9946c36efe823a67, 674ac6cea2e3df8b4a0594a0e959ded4, 012639a6e4558a40dd1af5585171b453, 5c51e28c38640be867592099cd7e6dc5, 674ac6cea2e3df8b4a0594a0e959ded4, 012639a6e4558a40dd1af5585171b453, 5c51e28c38640be867592099cd7e6dc5, 9e715f699f457d4d53295d5cceb167cc, e8e2d1c88b97592f0a05a3e255fd4a14, 821bc602c5594b17ec5f1e13bb6e4cda, feebd2de1b606e66d902c01c46ab1b2f, 6e854486c25e005c0482f327e5eebaa6, 1c340ca6959aedaa76cc3bdd3c45fc3d, 347148383018c2f1001a85e30159e26b
[03-Nov-2025 18:12:06 Asia/Shanghai] 基础路径: D:\phpstudy_pro\WWW
[03-Nov-2025 18:12:06 Asia/Shanghai] 文件位于分享目录，跳过安全检查: DeDeDark_1.png
[03-Nov-2025 18:12:06 Asia/Shanghai] 成功删除物理文件: D:\phpstudy_pro\WWW\分享文件\我的图片\DeDeDark_1.png
[03-Nov-2025 18:12:06 Asia/Shanghai] 成功删除数据库记录: MD5 6e901d462f46cebe2d98be9cb9f3a8c2
[03-Nov-2025 18:12:06 Asia/Shanghai] 文件位于分享目录，跳过安全检查: DirectX_修复工具_1.png
[03-Nov-2025 18:12:06 Asia/Shanghai] 成功删除物理文件: D:\phpstudy_pro\WWW\分享文件\我的图片\DirectX_修复工具_1.png
[03-Nov-2025 18:12:06 Asia/Shanghai] 成功删除数据库记录: MD5 751c780456d9f499efc7f6c1ed6c6e01
[03-Nov-2025 18:12:06 Asia/Shanghai] 文件位于分享目录，跳过安全检查: DiskGenius_1.png
[03-Nov-2025 18:12:06 Asia/Shanghai] 成功删除物理文件: D:\phpstudy_pro\WWW\分享文件\我的图片\DiskGenius_1.png
[03-Nov-2025 18:12:06 Asia/Shanghai] 成功删除数据库记录: MD5 ed1b8a9bdb0800b94c8329bcc8f79614
[03-Nov-2025 18:12:06 Asia/Shanghai] 数据库中未找到MD5为 ed1b8a9bdb0800b94c8329bcc8f79614 的记录
[03-Nov-2025 18:12:06 Asia/Shanghai] 数据库中未找到MD5为 ed1b8a9bdb0800b94c8329bcc8f79614 的记录
[03-Nov-2025 18:12:06 Asia/Shanghai] 数据库中未找到MD5为 ed1b8a9bdb0800b94c8329bcc8f79614 的记录
[03-Nov-2025 18:12:06 Asia/Shanghai] 文件位于分享目录，跳过安全检查: die_1.png
[03-Nov-2025 18:12:06 Asia/Shanghai] 成功删除物理文件: D:\phpstudy_pro\WWW\分享文件\我的图片\die_1.png
[03-Nov-2025 18:12:06 Asia/Shanghai] 成功删除数据库记录: MD5 f96568d5040b741c9946c36efe823a67
[03-Nov-2025 18:12:06 Asia/Shanghai] 文件位于分享目录，跳过安全检查: DisplayX显示器检测工具.png
[03-Nov-2025 18:12:06 Asia/Shanghai] 成功删除物理文件: D:\phpstudy_pro\WWW\分享文件\我的图片\DisplayX显示器检测工具.png
[03-Nov-2025 18:12:06 Asia/Shanghai] 成功删除数据库记录: MD5 674ac6cea2e3df8b4a0594a0e959ded4
[03-Nov-2025 18:12:06 Asia/Shanghai] 文件位于分享目录，跳过安全检查: Dll_LoadEx汉化版.png
[03-Nov-2025 18:12:06 Asia/Shanghai] 成功删除物理文件: D:\phpstudy_pro\WWW\分享文件\我的图片\Dll_LoadEx汉化版.png
[03-Nov-2025 18:12:06 Asia/Shanghai] 成功删除数据库记录: MD5 012639a6e4558a40dd1af5585171b453
[03-Nov-2025 18:12:06 Asia/Shanghai] 文件位于分享目录，跳过安全检查: dll函数查看器.png
[03-Nov-2025 18:12:06 Asia/Shanghai] 成功删除物理文件: D:\phpstudy_pro\WWW\分享文件\我的图片\dll函数查看器.png
[03-Nov-2025 18:12:06 Asia/Shanghai] 成功删除数据库记录: MD5 5c51e28c38640be867592099cd7e6dc5
[03-Nov-2025 18:12:06 Asia/Shanghai] 数据库中未找到MD5为 674ac6cea2e3df8b4a0594a0e959ded4 的记录
[03-Nov-2025 18:12:06 Asia/Shanghai] 数据库中未找到MD5为 012639a6e4558a40dd1af5585171b453 的记录
[03-Nov-2025 18:12:06 Asia/Shanghai] 数据库中未找到MD5为 5c51e28c38640be867592099cd7e6dc5 的记录
[03-Nov-2025 18:12:06 Asia/Shanghai] 文件位于分享目录，跳过安全检查: 3D_Max2017.png
[03-Nov-2025 18:12:06 Asia/Shanghai] 成功删除物理文件: D:\phpstudy_pro\WWW\分享文件\工具\3D_Max2017.png
[03-Nov-2025 18:12:06 Asia/Shanghai] 成功删除数据库记录: MD5 9e715f699f457d4d53295d5cceb167cc
[03-Nov-2025 18:12:06 Asia/Shanghai] 文件位于分享目录，跳过安全检查: 3ds_Max_2020.png
[03-Nov-2025 18:12:06 Asia/Shanghai] 成功删除物理文件: D:\phpstudy_pro\WWW\分享文件\工具\3ds_Max_2020.png
[03-Nov-2025 18:12:06 Asia/Shanghai] 成功删除数据库记录: MD5 e8e2d1c88b97592f0a05a3e255fd4a14
[03-Nov-2025 18:12:06 Asia/Shanghai] 文件位于分享目录，跳过安全检查: 8uftp.png
[03-Nov-2025 18:12:06 Asia/Shanghai] 成功删除物理文件: D:\phpstudy_pro\WWW\分享文件\工具\8uftp.png
[03-Nov-2025 18:12:06 Asia/Shanghai] 成功删除数据库记录: MD5 821bc602c5594b17ec5f1e13bb6e4cda
[03-Nov-2025 18:12:06 Asia/Shanghai] 文件位于分享目录，跳过安全检查: 52HB-Dbg.png
[03-Nov-2025 18:12:06 Asia/Shanghai] 成功删除物理文件: D:\phpstudy_pro\WWW\分享文件\工具\52HB-Dbg.png
[03-Nov-2025 18:12:06 Asia/Shanghai] 成功删除数据库记录: MD5 feebd2de1b606e66d902c01c46ab1b2f
[03-Nov-2025 18:12:06 Asia/Shanghai] 文件位于分享目录，跳过安全检查: 360安全卫士极速版.png
[03-Nov-2025 18:12:06 Asia/Shanghai] 成功删除物理文件: D:\phpstudy_pro\WWW\分享文件\工具\360安全卫士极速版.png
[03-Nov-2025 18:12:06 Asia/Shanghai] 成功删除数据库记录: MD5 6e854486c25e005c0482f327e5eebaa6
[03-Nov-2025 18:12:06 Asia/Shanghai] 文件位于分享目录，跳过安全检查: 360断网急救箱独立版.png
[03-Nov-2025 18:12:06 Asia/Shanghai] 成功删除物理文件: D:\phpstudy_pro\WWW\分享文件\工具\360断网急救箱独立版.png
[03-Nov-2025 18:12:06 Asia/Shanghai] 成功删除数据库记录: MD5 1c340ca6959aedaa76cc3bdd3c45fc3d
[03-Nov-2025 18:12:06 Asia/Shanghai] 文件位于分享目录，跳过安全检查: 360截图.png
[03-Nov-2025 18:12:06 Asia/Shanghai] 成功删除物理文件: D:\phpstudy_pro\WWW\分享文件\工具\360截图.png
[03-Nov-2025 18:12:06 Asia/Shanghai] 成功删除数据库记录: MD5 347148383018c2f1001a85e30159e26b
[03-Nov-2025 18:12:06 Asia/Shanghai] 文件删除脚本执行结束: 2025-11-03 18:12:06
[03-Nov-2025 18:12:13 Asia/Shanghai] 文件删除脚本开始执行: 2025-11-03 18:12:13
[03-Nov-2025 18:12:13 Asia/Shanghai] 删除请求参数: 表名=shared_files, 文件ID=5ec95bf75ca42c41631d418808bc9f4f, 148c4687510091dfe62db434530d7904, 1d68243e68a024f5c72b9ec4c10d74c5, 008dc9e5c8dd14beb03bb89e15366ecd, 1b0e41802e52ddbc50e052ef00ef96f3, 8bd7d7da7c9f4cfeaf7afc8458375bd1, 30636b399e8c34fd9cb10d32da674fa1, 08a3fdd83f2456714fd2ddd30f39a1e5, e0d3db1f325a1f5263cd899e2c2d0f3c
[03-Nov-2025 18:12:13 Asia/Shanghai] 基础路径: D:\phpstudy_pro\WWW
[03-Nov-2025 18:12:13 Asia/Shanghai] 文件位于分享目录，跳过安全检查: 360宽带测速器.png
[03-Nov-2025 18:12:13 Asia/Shanghai] 成功删除物理文件: D:\phpstudy_pro\WWW\分享文件\工具\360宽带测速器.png
[03-Nov-2025 18:12:13 Asia/Shanghai] 成功删除数据库记录: MD5 5ec95bf75ca42c41631d418808bc9f4f
[03-Nov-2025 18:12:13 Asia/Shanghai] 文件位于分享目录，跳过安全检查: 360流量监控独立版.png
[03-Nov-2025 18:12:13 Asia/Shanghai] 成功删除物理文件: D:\phpstudy_pro\WWW\分享文件\工具\360流量监控独立版.png
[03-Nov-2025 18:12:13 Asia/Shanghai] 成功删除数据库记录: MD5 148c4687510091dfe62db434530d7904
[03-Nov-2025 18:12:13 Asia/Shanghai] 文件位于分享目录，跳过安全检查: 360驱动大师绿色单文件.png
[03-Nov-2025 18:12:13 Asia/Shanghai] 成功删除物理文件: D:\phpstudy_pro\WWW\分享文件\工具\360驱动大师绿色单文件.png
[03-Nov-2025 18:12:13 Asia/Shanghai] 成功删除数据库记录: MD5 1d68243e68a024f5c72b9ec4c10d74c5
[03-Nov-2025 18:12:13 Asia/Shanghai] 文件位于分享目录，跳过安全检查: 360任务管理器.png
[03-Nov-2025 18:12:13 Asia/Shanghai] 成功删除物理文件: D:\phpstudy_pro\WWW\分享文件\工具\360任务管理器.png
[03-Nov-2025 18:12:13 Asia/Shanghai] 成功删除数据库记录: MD5 008dc9e5c8dd14beb03bb89e15366ecd
[03-Nov-2025 18:12:13 Asia/Shanghai] 文件位于分享目录，跳过安全检查: 360杀毒.png
[03-Nov-2025 18:12:13 Asia/Shanghai] 成功删除物理文件: D:\phpstudy_pro\WWW\分享文件\工具\360杀毒.png
[03-Nov-2025 18:12:13 Asia/Shanghai] 成功删除数据库记录: MD5 1b0e41802e52ddbc50e052ef00ef96f3
[03-Nov-2025 18:12:13 Asia/Shanghai] 文件位于分享目录，跳过安全检查: 360杀毒64位.png
[03-Nov-2025 18:12:13 Asia/Shanghai] 成功删除物理文件: D:\phpstudy_pro\WWW\分享文件\工具\360杀毒64位.png
[03-Nov-2025 18:12:13 Asia/Shanghai] 成功删除数据库记录: MD5 8bd7d7da7c9f4cfeaf7afc8458375bd1
[03-Nov-2025 18:12:13 Asia/Shanghai] 文件位于分享目录，跳过安全检查: 360缩水U盘鉴定器.png
[03-Nov-2025 18:12:13 Asia/Shanghai] 成功删除物理文件: D:\phpstudy_pro\WWW\分享文件\工具\360缩水U盘鉴定器.png
[03-Nov-2025 18:12:13 Asia/Shanghai] 成功删除数据库记录: MD5 30636b399e8c34fd9cb10d32da674fa1
[03-Nov-2025 18:12:13 Asia/Shanghai] 文件位于分享目录，跳过安全检查: 360文件粉碎机独立版.png
[03-Nov-2025 18:12:13 Asia/Shanghai] 成功删除物理文件: D:\phpstudy_pro\WWW\分享文件\工具\360文件粉碎机独立版.png
[03-Nov-2025 18:12:13 Asia/Shanghai] 成功删除数据库记录: MD5 08a3fdd83f2456714fd2ddd30f39a1e5
[03-Nov-2025 18:12:13 Asia/Shanghai] 文件位于分享目录，跳过安全检查: 360文件恢复独立版.png
[03-Nov-2025 18:12:13 Asia/Shanghai] 成功删除物理文件: D:\phpstudy_pro\WWW\分享文件\工具\360文件恢复独立版.png
[03-Nov-2025 18:12:13 Asia/Shanghai] 成功删除数据库记录: MD5 e0d3db1f325a1f5263cd899e2c2d0f3c
[03-Nov-2025 18:12:13 Asia/Shanghai] 文件删除脚本执行结束: 2025-11-03 18:12:13
[03-Nov-2025 18:15:11 Asia/Shanghai] 文件删除脚本开始执行: 2025-11-03 18:15:11
[03-Nov-2025 18:15:11 Asia/Shanghai] 删除请求参数: 表名=shared_files, 文件ID=9e715f699f457d4d53295d5cceb167cc, e8e2d1c88b97592f0a05a3e255fd4a14, 821bc602c5594b17ec5f1e13bb6e4cda, 9e715f699f457d4d53295d5cceb167cc, e8e2d1c88b97592f0a05a3e255fd4a14, 821bc602c5594b17ec5f1e13bb6e4cda, feebd2de1b606e66d902c01c46ab1b2f, 6e854486c25e005c0482f327e5eebaa6, 1c340ca6959aedaa76cc3bdd3c45fc3d, 347148383018c2f1001a85e30159e26b, 5ec95bf75ca42c41631d418808bc9f4f, 148c4687510091dfe62db434530d7904, 8c8a08d1e47e7a0153c15b5f76e01feb
[03-Nov-2025 18:15:11 Asia/Shanghai] 基础路径: D:\phpstudy_pro\WWW
[03-Nov-2025 18:15:11 Asia/Shanghai] 物理文件不存在，跳过删除: D:\phpstudy_pro\WWW\分享文件\工具\3D_Max2017.png
[03-Nov-2025 18:15:11 Asia/Shanghai] 成功删除数据库记录: MD5 9e715f699f457d4d53295d5cceb167cc
[03-Nov-2025 18:15:11 Asia/Shanghai] 物理文件不存在，跳过删除: D:\phpstudy_pro\WWW\分享文件\工具\3ds_Max_2020.png
[03-Nov-2025 18:15:11 Asia/Shanghai] 成功删除数据库记录: MD5 e8e2d1c88b97592f0a05a3e255fd4a14
[03-Nov-2025 18:15:11 Asia/Shanghai] 物理文件不存在，跳过删除: D:\phpstudy_pro\WWW\分享文件\工具\8uftp.png
[03-Nov-2025 18:15:11 Asia/Shanghai] 成功删除数据库记录: MD5 821bc602c5594b17ec5f1e13bb6e4cda
[03-Nov-2025 18:15:11 Asia/Shanghai] 数据库中未找到MD5为 9e715f699f457d4d53295d5cceb167cc 的记录
[03-Nov-2025 18:15:11 Asia/Shanghai] 数据库中未找到MD5为 e8e2d1c88b97592f0a05a3e255fd4a14 的记录
[03-Nov-2025 18:15:11 Asia/Shanghai] 数据库中未找到MD5为 821bc602c5594b17ec5f1e13bb6e4cda 的记录
[03-Nov-2025 18:15:11 Asia/Shanghai] 文件位于分享目录，跳过安全检查: 52HB-Dbg.png
[03-Nov-2025 18:15:11 Asia/Shanghai] 成功删除物理文件: D:\phpstudy_pro\WWW\分享文件\工具\52HB-Dbg.png
[03-Nov-2025 18:15:11 Asia/Shanghai] 成功删除数据库记录: MD5 feebd2de1b606e66d902c01c46ab1b2f
[03-Nov-2025 18:15:11 Asia/Shanghai] 文件位于分享目录，跳过安全检查: 360安全卫士极速版.png
[03-Nov-2025 18:15:11 Asia/Shanghai] 成功删除物理文件: D:\phpstudy_pro\WWW\分享文件\工具\360安全卫士极速版.png
[03-Nov-2025 18:15:11 Asia/Shanghai] 成功删除数据库记录: MD5 6e854486c25e005c0482f327e5eebaa6
[03-Nov-2025 18:15:11 Asia/Shanghai] 文件位于分享目录，跳过安全检查: 360断网急救箱独立版.png
[03-Nov-2025 18:15:11 Asia/Shanghai] 成功删除物理文件: D:\phpstudy_pro\WWW\分享文件\工具\360断网急救箱独立版.png
[03-Nov-2025 18:15:11 Asia/Shanghai] 成功删除数据库记录: MD5 1c340ca6959aedaa76cc3bdd3c45fc3d
[03-Nov-2025 18:15:11 Asia/Shanghai] 文件位于分享目录，跳过安全检查: 360截图.png
[03-Nov-2025 18:15:11 Asia/Shanghai] 成功删除物理文件: D:\phpstudy_pro\WWW\分享文件\工具\360截图.png
[03-Nov-2025 18:15:11 Asia/Shanghai] 成功删除数据库记录: MD5 347148383018c2f1001a85e30159e26b
[03-Nov-2025 18:15:11 Asia/Shanghai] 文件位于分享目录，跳过安全检查: 360宽带测速器.png
[03-Nov-2025 18:15:11 Asia/Shanghai] 成功删除物理文件: D:\phpstudy_pro\WWW\分享文件\工具\360宽带测速器.png
[03-Nov-2025 18:15:11 Asia/Shanghai] 成功删除数据库记录: MD5 5ec95bf75ca42c41631d418808bc9f4f
[03-Nov-2025 18:15:11 Asia/Shanghai] 文件位于分享目录，跳过安全检查: 360流量监控独立版.png
[03-Nov-2025 18:15:11 Asia/Shanghai] 成功删除物理文件: D:\phpstudy_pro\WWW\分享文件\工具\360流量监控独立版.png
[03-Nov-2025 18:15:11 Asia/Shanghai] 成功删除数据库记录: MD5 148c4687510091dfe62db434530d7904
[03-Nov-2025 18:15:11 Asia/Shanghai] 文件位于分享目录，跳过安全检查: 在线工具包.rar
[03-Nov-2025 18:15:11 Asia/Shanghai] 成功删除物理文件: D:\phpstudy_pro\WWW\分享文件\工具\在线工具包.rar
[03-Nov-2025 18:15:11 Asia/Shanghai] 成功删除数据库记录: MD5 8c8a08d1e47e7a0153c15b5f76e01feb
[03-Nov-2025 18:15:11 Asia/Shanghai] 文件删除脚本执行结束: 2025-11-03 18:15:11
[03-Nov-2025 18:16:48 Asia/Shanghai] 文件删除脚本开始执行: 2025-11-03 18:16:48
[03-Nov-2025 18:16:48 Asia/Shanghai] 删除请求参数: 表名=shared_files, 文件ID=9e715f699f457d4d53295d5cceb167cc, e8e2d1c88b97592f0a05a3e255fd4a14, 821bc602c5594b17ec5f1e13bb6e4cda, ed1b8a9bdb0800b94c8329bcc8f79614, ed1b8a9bdb0800b94c8329bcc8f79614, ed1b8a9bdb0800b94c8329bcc8f79614, 674ac6cea2e3df8b4a0594a0e959ded4, 012639a6e4558a40dd1af5585171b453, 5c51e28c38640be867592099cd7e6dc5
[03-Nov-2025 18:16:48 Asia/Shanghai] 基础路径: D:\phpstudy_pro\WWW
[03-Nov-2025 18:16:48 Asia/Shanghai] 文件位于分享目录，跳过安全检查: 3D_Max2017.png
[03-Nov-2025 18:16:48 Asia/Shanghai] 成功删除物理文件: D:\phpstudy_pro\WWW\分享文件\我的图片\3D_Max2017.png
[03-Nov-2025 18:16:48 Asia/Shanghai] 成功删除数据库记录: MD5 9e715f699f457d4d53295d5cceb167cc
[03-Nov-2025 18:16:48 Asia/Shanghai] 文件位于分享目录，跳过安全检查: 3ds_Max_2020.png
[03-Nov-2025 18:16:48 Asia/Shanghai] 成功删除物理文件: D:\phpstudy_pro\WWW\分享文件\我的图片\3ds_Max_2020.png
[03-Nov-2025 18:16:48 Asia/Shanghai] 成功删除数据库记录: MD5 e8e2d1c88b97592f0a05a3e255fd4a14
[03-Nov-2025 18:16:48 Asia/Shanghai] 文件位于分享目录，跳过安全检查: 8uftp.png
[03-Nov-2025 18:16:48 Asia/Shanghai] 成功删除物理文件: D:\phpstudy_pro\WWW\分享文件\我的图片\8uftp.png
[03-Nov-2025 18:16:48 Asia/Shanghai] 成功删除数据库记录: MD5 821bc602c5594b17ec5f1e13bb6e4cda
[03-Nov-2025 18:16:48 Asia/Shanghai] 文件位于分享目录，跳过安全检查: DiskGeniusx64.png
[03-Nov-2025 18:16:48 Asia/Shanghai] 成功删除物理文件: D:\phpstudy_pro\WWW\分享文件\我的图片\DiskGeniusx64.png
[03-Nov-2025 18:16:48 Asia/Shanghai] 成功删除数据库记录: MD5 ed1b8a9bdb0800b94c8329bcc8f79614
[03-Nov-2025 18:16:48 Asia/Shanghai] 数据库中未找到MD5为 ed1b8a9bdb0800b94c8329bcc8f79614 的记录
[03-Nov-2025 18:16:48 Asia/Shanghai] 数据库中未找到MD5为 ed1b8a9bdb0800b94c8329bcc8f79614 的记录
[03-Nov-2025 18:16:48 Asia/Shanghai] 文件位于分享目录，跳过安全检查: DisplayX显示器检测工具_1.png
[03-Nov-2025 18:16:48 Asia/Shanghai] 成功删除物理文件: D:\phpstudy_pro\WWW\分享文件\我的图片\DisplayX显示器检测工具_1.png
[03-Nov-2025 18:16:48 Asia/Shanghai] 成功删除数据库记录: MD5 674ac6cea2e3df8b4a0594a0e959ded4
[03-Nov-2025 18:16:48 Asia/Shanghai] 文件位于分享目录，跳过安全检查: Dll_LoadEx汉化版_1.png
[03-Nov-2025 18:16:48 Asia/Shanghai] 成功删除物理文件: D:\phpstudy_pro\WWW\分享文件\我的图片\Dll_LoadEx汉化版_1.png
[03-Nov-2025 18:16:48 Asia/Shanghai] 成功删除数据库记录: MD5 012639a6e4558a40dd1af5585171b453
[03-Nov-2025 18:16:48 Asia/Shanghai] 文件位于分享目录，跳过安全检查: dll函数查看器_1.png
[03-Nov-2025 18:16:48 Asia/Shanghai] 成功删除物理文件: D:\phpstudy_pro\WWW\分享文件\我的图片\dll函数查看器_1.png
[03-Nov-2025 18:16:48 Asia/Shanghai] 成功删除数据库记录: MD5 5c51e28c38640be867592099cd7e6dc5
[03-Nov-2025 18:16:48 Asia/Shanghai] 文件删除脚本执行结束: 2025-11-03 18:16:48
[03-Nov-2025 18:16:57 Asia/Shanghai] 文件删除脚本开始执行: 2025-11-03 18:16:57
[03-Nov-2025 18:16:57 Asia/Shanghai] 删除请求参数: 表名=shared_files, 文件ID=ed1b8a9bdb0800b94c8329bcc8f79614, ed1b8a9bdb0800b94c8329bcc8f79614
[03-Nov-2025 18:16:57 Asia/Shanghai] 基础路径: D:\phpstudy_pro\WWW
[03-Nov-2025 18:16:57 Asia/Shanghai] 文件位于分享目录，跳过安全检查: DiskGeniusx86.png
[03-Nov-2025 18:16:57 Asia/Shanghai] 成功删除物理文件: D:\phpstudy_pro\WWW\分享文件\我的图片\DiskGeniusx86.png
[03-Nov-2025 18:16:57 Asia/Shanghai] 成功删除数据库记录: MD5 ed1b8a9bdb0800b94c8329bcc8f79614
[03-Nov-2025 18:16:57 Asia/Shanghai] 数据库中未找到MD5为 ed1b8a9bdb0800b94c8329bcc8f79614 的记录
[03-Nov-2025 18:16:57 Asia/Shanghai] 文件删除脚本执行结束: 2025-11-03 18:16:57
[03-Nov-2025 18:17:02 Asia/Shanghai] 文件删除脚本开始执行: 2025-11-03 18:17:02
[03-Nov-2025 18:17:02 Asia/Shanghai] 删除请求参数: 表名=shared_files, 文件ID=ed1b8a9bdb0800b94c8329bcc8f79614
[03-Nov-2025 18:17:02 Asia/Shanghai] 基础路径: D:\phpstudy_pro\WWW
[03-Nov-2025 18:17:02 Asia/Shanghai] 文件位于分享目录，跳过安全检查: DiskGenius多版本.png
[03-Nov-2025 18:17:02 Asia/Shanghai] 成功删除物理文件: D:\phpstudy_pro\WWW\分享文件\我的图片\DiskGenius多版本.png
[03-Nov-2025 18:17:02 Asia/Shanghai] 成功删除数据库记录: MD5 ed1b8a9bdb0800b94c8329bcc8f79614
[03-Nov-2025 18:17:02 Asia/Shanghai] 文件删除脚本执行结束: 2025-11-03 18:17:02
[03-Nov-2025 18:20:30 Asia/Shanghai] 文件删除脚本开始执行: 2025-11-03 18:20:30
[03-Nov-2025 18:20:30 Asia/Shanghai] 删除请求参数: 表名=shared_files, 文件ID=148c4687510091dfe62db434530d7904
[03-Nov-2025 18:20:30 Asia/Shanghai] 基础路径: D:\phpstudy_pro\WWW
[03-Nov-2025 18:20:30 Asia/Shanghai] 物理文件不存在，跳过删除: D:\phpstudy_pro\WWW\分享文件\我的图片\360流量监控独立版.png
[03-Nov-2025 18:20:30 Asia/Shanghai] 成功删除数据库记录: MD5 148c4687510091dfe62db434530d7904
[03-Nov-2025 18:20:30 Asia/Shanghai] 文件删除脚本执行结束: 2025-11-03 18:20:30
[03-Nov-2025 18:20:54 Asia/Shanghai] 文件删除脚本开始执行: 2025-11-03 18:20:54
[03-Nov-2025 18:20:54 Asia/Shanghai] 删除请求参数: 表名=shared_files, 文件ID=9e715f699f457d4d53295d5cceb167cc, e8e2d1c88b97592f0a05a3e255fd4a14, 821bc602c5594b17ec5f1e13bb6e4cda, feebd2de1b606e66d902c01c46ab1b2f, 6e854486c25e005c0482f327e5eebaa6, 1c340ca6959aedaa76cc3bdd3c45fc3d, 347148383018c2f1001a85e30159e26b
[03-Nov-2025 18:20:54 Asia/Shanghai] 基础路径: D:\phpstudy_pro\WWW
[03-Nov-2025 18:20:54 Asia/Shanghai] 文件位于分享目录，跳过安全检查: 3D_Max2017.png
[03-Nov-2025 18:20:54 Asia/Shanghai] 成功删除物理文件: D:\phpstudy_pro\WWW\分享文件\工具\3D_Max2017.png
[03-Nov-2025 18:20:54 Asia/Shanghai] 成功删除数据库记录: MD5 9e715f699f457d4d53295d5cceb167cc
[03-Nov-2025 18:20:54 Asia/Shanghai] 文件位于分享目录，跳过安全检查: 3ds_Max_2020.png
[03-Nov-2025 18:20:54 Asia/Shanghai] 成功删除物理文件: D:\phpstudy_pro\WWW\分享文件\工具\3ds_Max_2020.png
[03-Nov-2025 18:20:54 Asia/Shanghai] 成功删除数据库记录: MD5 e8e2d1c88b97592f0a05a3e255fd4a14
[03-Nov-2025 18:20:54 Asia/Shanghai] 文件位于分享目录，跳过安全检查: 8uftp.png
[03-Nov-2025 18:20:54 Asia/Shanghai] 成功删除物理文件: D:\phpstudy_pro\WWW\分享文件\工具\8uftp.png
[03-Nov-2025 18:20:54 Asia/Shanghai] 成功删除数据库记录: MD5 821bc602c5594b17ec5f1e13bb6e4cda
[03-Nov-2025 18:20:54 Asia/Shanghai] 文件位于分享目录，跳过安全检查: 52HB-Dbg.png
[03-Nov-2025 18:20:54 Asia/Shanghai] 成功删除物理文件: D:\phpstudy_pro\WWW\分享文件\工具\52HB-Dbg.png
[03-Nov-2025 18:20:54 Asia/Shanghai] 成功删除数据库记录: MD5 feebd2de1b606e66d902c01c46ab1b2f
[03-Nov-2025 18:20:54 Asia/Shanghai] 文件位于分享目录，跳过安全检查: 360安全卫士极速版.png
[03-Nov-2025 18:20:54 Asia/Shanghai] 成功删除物理文件: D:\phpstudy_pro\WWW\分享文件\工具\360安全卫士极速版.png
[03-Nov-2025 18:20:54 Asia/Shanghai] 成功删除数据库记录: MD5 6e854486c25e005c0482f327e5eebaa6
[03-Nov-2025 18:20:54 Asia/Shanghai] 文件位于分享目录，跳过安全检查: 360断网急救箱独立版.png
[03-Nov-2025 18:20:54 Asia/Shanghai] 成功删除物理文件: D:\phpstudy_pro\WWW\分享文件\工具\360断网急救箱独立版.png
[03-Nov-2025 18:20:54 Asia/Shanghai] 成功删除数据库记录: MD5 1c340ca6959aedaa76cc3bdd3c45fc3d
[03-Nov-2025 18:20:54 Asia/Shanghai] 文件位于分享目录，跳过安全检查: 360截图.png
[03-Nov-2025 18:20:54 Asia/Shanghai] 成功删除物理文件: D:\phpstudy_pro\WWW\分享文件\工具\360截图.png
[03-Nov-2025 18:20:54 Asia/Shanghai] 成功删除数据库记录: MD5 347148383018c2f1001a85e30159e26b
[03-Nov-2025 18:20:54 Asia/Shanghai] 文件删除脚本执行结束: 2025-11-03 18:20:54
[03-Nov-2025 18:33:12 Asia/Shanghai] 文件删除脚本开始执行: 2025-11-03 18:33:12
[03-Nov-2025 18:33:12 Asia/Shanghai] 删除请求参数: 表名=shared_files, 文件ID=442a96c55019eaabdbe4267207d867ad, 5ec95bf75ca42c41631d418808bc9f4f
[03-Nov-2025 18:33:12 Asia/Shanghai] 基础路径: D:\phpstudy_pro\WWW
[03-Nov-2025 18:33:12 Asia/Shanghai] 文件位于分享目录，跳过安全检查: _图标.rar
[03-Nov-2025 18:33:12 Asia/Shanghai] 成功删除物理文件: D:\phpstudy_pro\WWW\分享文件\我的图片\_图标.rar
[03-Nov-2025 18:33:12 Asia/Shanghai] 成功删除数据库记录: MD5 442a96c55019eaabdbe4267207d867ad
[03-Nov-2025 18:33:12 Asia/Shanghai] 文件位于分享目录，跳过安全检查: 360宽带测速器.png
[03-Nov-2025 18:33:12 Asia/Shanghai] 成功删除物理文件: D:\phpstudy_pro\WWW\分享文件\我的图片\360宽带测速器.png
[03-Nov-2025 18:33:12 Asia/Shanghai] 成功删除数据库记录: MD5 5ec95bf75ca42c41631d418808bc9f4f
[03-Nov-2025 18:33:12 Asia/Shanghai] 文件删除脚本执行结束: 2025-11-03 18:33:12
[04-Nov-2025 08:28:31 Asia/Shanghai] 文件删除脚本开始执行: 2025-11-04 08:28:31
[04-Nov-2025 08:28:31 Asia/Shanghai] 删除请求参数: 表名=shared_files, 文件ID=feebd2de1b606e66d902c01c46ab1b2f
[04-Nov-2025 08:28:31 Asia/Shanghai] 基础路径: D:\phpstudy_pro\WWW
[04-Nov-2025 08:28:31 Asia/Shanghai] 文件位于分享目录，跳过安全检查: 52HB-Dbg.png
[04-Nov-2025 08:28:31 Asia/Shanghai] 成功删除物理文件: D:\phpstudy_pro\WWW\分享文件\工具\52HB-Dbg.png
[04-Nov-2025 08:28:31 Asia/Shanghai] 成功删除数据库记录: MD5 feebd2de1b606e66d902c01c46ab1b2f
[04-Nov-2025 08:28:31 Asia/Shanghai] 文件删除脚本执行结束: 2025-11-04 08:28:31
