pdf_narrator 解说语音一键生成 —— 2026-09-18 11:52:55

[1/5] 读取解说数据：js/narration_data.js
      共 11 个 PDF、105 条解说文案；音频规则：file/voice/<pdfId>/p<页>-<序>.mp3
      · steel-drawing0   简易箱体-壁挂-后维护                  21 条
      · steel-drawing1   简易箱体-落地拉墙-后维护                18 条
      · steel-drawing2   模组-壁挂-前维护                    11 条
      · screen-image0    OA申请单                        21 条
      · screen-image1    结构设计                         5 条
      · screen-image2    弧形计算                         2 条
      · screen-image3    填充矩形                         6 条
      · notes-txt        TXT文本示例                      6 条
      · report-docx      Word 文档示例                    6 条
      · slides-pptx      PPT演示文稿示例                    6 条
      · plan-dxf         DXF图形示例                      3 条
[2/5] 比对音频现状：file/voice
      待生成（文件缺失）34 条｜需重生成（文案已改）0 条｜已就绪 71 条
      提示：磁盘上有 27 个音频在数据里已无对应触点（不会自动删除）。
        - file/voice/plan-dwg/p1-1.mp3
        - file/voice/plan-dwg/p1-2.mp3
        - file/voice/screen-image/p1-1.mp3
        - file/voice/screen-image/p1-10.mp3
        - file/voice/screen-image/p1-2.mp3
        - file/voice/screen-image/p1-3.mp3
        - file/voice/screen-image/p1-4.mp3
        - file/voice/screen-image/p1-5.mp3
      + 新增，将合成：file/voice/screen-image0/p1-1.mp3
      + 新增，将合成：file/voice/screen-image0/p1-2.mp3
      + 新增，将合成：file/voice/screen-image0/p1-3.mp3
      + 新增，将合成：file/voice/screen-image0/p1-4.mp3
      + 新增，将合成：file/voice/screen-image0/p1-5.mp3
      + 新增，将合成：file/voice/screen-image0/p1-6.mp3
      + 新增，将合成：file/voice/screen-image0/p1-7.mp3
      + 新增，将合成：file/voice/screen-image0/p1-8.mp3
      + 新增，将合成：file/voice/screen-image0/p1-9.mp3
      + 新增，将合成：file/voice/screen-image0/p1-10.mp3
      + 新增，将合成：file/voice/screen-image0/p2-1.mp3
      + 新增，将合成：file/voice/screen-image0/p2-2.mp3
      + 新增，将合成：file/voice/screen-image0/p2-3.mp3
      + 新增，将合成：file/voice/screen-image0/p2-4.mp3
      + 新增，将合成：file/voice/screen-image0/p2-5.mp3
      + 新增，将合成：file/voice/screen-image0/p2-6.mp3
      + 新增，将合成：file/voice/screen-image0/p2-7.mp3
      + 新增，将合成：file/voice/screen-image0/p2-8.mp3
      + 新增，将合成：file/voice/screen-image0/p2-9.mp3
      + 新增，将合成：file/voice/screen-image0/p2-10.mp3
      + 新增，将合成：file/voice/screen-image0/p2-11.mp3
      + 新增，将合成：file/voice/screen-image1/p1-1.mp3
      + 新增，将合成：file/voice/screen-image1/p1-2.mp3
      + 新增，将合成：file/voice/screen-image1/p2-1.mp3
      + 新增，将合成：file/voice/screen-image1/p2-2.mp3
      + 新增，将合成：file/voice/screen-image1/p2-3.mp3
      + 新增，将合成：file/voice/screen-image2/p1-1.mp3
      + 新增，将合成：file/voice/screen-image2/p1-2.mp3
      + 新增，将合成：file/voice/screen-image3/p1-1.mp3
      + 新增，将合成：file/voice/screen-image3/p1-2.mp3
      + 新增，将合成：file/voice/screen-image3/p1-3.mp3
      + 新增，将合成：file/voice/screen-image3/p1-4.mp3
      + 新增，将合成：file/voice/screen-image3/p1-5.mp3
      + 新增，将合成：file/voice/screen-image3/p1-6.mp3
[3/5] 更新清单：tools/voice_manifest.json
[4/5] 检查 edge-tts 运行环境
  ✓ 使用解释器：C:\Users\2405064\AppData\Local\Programs\Python\Python313\python.exe（edge-tts 7.2.8）
[5/5] 开始合成音频（edge-tts，增量）…
      -u D:\朱国生\环境文件\二次开发\AutoLisp\定稿\LED结构设计系统\html\htmlstars\pages\file_narrator\tools\gen_voice_files.py --voice zh-CN-YunxiNeural --rate -5% --concurrency 4
  usage: gen_voice_files.py [-h] [--voice VOICE] [--rate RATE] [--volume VOLUME]
                            [--force] [--only ONLY] [--concurrency CONCURRENCY]
                            [--list]
  gen_voice_files.py: error: argument --rate: expected one argument
----------------------------------------------------------
⚠ 仍有 34 条没有音频（多半是网络中断）：
   - file/voice/screen-image0/p1-1.mp3
   - file/voice/screen-image0/p1-2.mp3
   - file/voice/screen-image0/p1-3.mp3
   - file/voice/screen-image0/p1-4.mp3
   - file/voice/screen-image0/p1-5.mp3
   - file/voice/screen-image0/p1-6.mp3
   - file/voice/screen-image0/p1-7.mp3
   - file/voice/screen-image0/p1-8.mp3
   - file/voice/screen-image0/p1-9.mp3
   - file/voice/screen-image0/p1-10.mp3
  再点一次「一键生成」即可续做。
完成（用时 0.8 秒）。
